---
source: crates/lexer/tests/lib.rs
assertion_line: 22
expression: identifiers

---
# Input

    // comment
    /* multiline comment */
    null
    undefined
    true
    false
    aaa
    
---
# Output
[
    Token {
        kind: Comment,
        offset: 10,
        len: 10,
    },
    Token {
        kind: WhiteSpace,
        offset: 15,
        len: 5,
    },
    Token {
        kind: MultilineComment,
        offset: 38,
        len: 23,
    },
    Token {
        kind: WhiteSpace,
        offset: 43,
        len: 5,
    },
    Token {
        kind: Null,
        offset: 47,
        len: 4,
    },
    Token {
        kind: WhiteSpace,
        offset: 52,
        len: 5,
    },
    Token {
        kind: Undefined,
        offset: 61,
        len: 9,
    },
    Token {
        kind: WhiteSpace,
        offset: 66,
        len: 5,
    },
    Token {
        kind: True,
        offset: 70,
        len: 4,
    },
    Token {
        kind: WhiteSpace,
        offset: 75,
        len: 5,
    },
    Token {
        kind: False,
        offset: 80,
        len: 5,
    },
    Token {
        kind: WhiteSpace,
        offset: 85,
        len: 5,
    },
    Token {
        kind: Ident,
        offset: 88,
        len: 3,
    },
    Token {
        kind: EOF,
        offset: 88,
        len: 1,
    },
]
