---
source: crates/lexer/tests/lib.rs
assertion_line: 16
expression: identifier

---
# Input
$ _ $a _a abc_$
\u03bc
\u{61}

---
# Output
[
    Token {
        kind: Ident,
        offset: 0,
        len: 1,
    },
    Token {
        kind: Ident,
        offset: 2,
        len: 1,
    },
    Token {
        kind: Ident,
        offset: 4,
        len: 2,
    },
    Token {
        kind: Ident,
        offset: 7,
        len: 2,
    },
    Token {
        kind: Ident,
        offset: 10,
        len: 5,
    },
    Token {
        kind: Ident,
        offset: 16,
        len: 6,
    },
    Token {
        kind: Ident,
        offset: 23,
        len: 6,
    },
    Token {
        kind: EOF,
        offset: 29,
        len: 1,
    },
]
