---
source: crates/lexer/tests/lib.rs
assertion_line: 13
expression: keyword

---
# Input
await break case catch class const continue debugger default delete do else enum export extends
false finally for function if import in instanceof new null return super switch this throw true try typeof var void while with yield
undefined

---
# Output
[
    Token {
        kind: Await,
        offset: 0,
        len: 5,
    },
    Token {
        kind: WhiteSpace,
        offset: 5,
        len: 1,
    },
    Token {
        kind: Break,
        offset: 6,
        len: 5,
    },
    Token {
        kind: WhiteSpace,
        offset: 11,
        len: 1,
    },
    Token {
        kind: Case,
        offset: 12,
        len: 4,
    },
    Token {
        kind: WhiteSpace,
        offset: 16,
        len: 1,
    },
    Token {
        kind: Catch,
        offset: 17,
        len: 5,
    },
    Token {
        kind: WhiteSpace,
        offset: 22,
        len: 1,
    },
    Token {
        kind: Class,
        offset: 23,
        len: 5,
    },
    Token {
        kind: WhiteSpace,
        offset: 28,
        len: 1,
    },
    Token {
        kind: Const,
        offset: 29,
        len: 5,
    },
    Token {
        kind: WhiteSpace,
        offset: 34,
        len: 1,
    },
    Token {
        kind: Continue,
        offset: 35,
        len: 8,
    },
    Token {
        kind: WhiteSpace,
        offset: 43,
        len: 1,
    },
    Token {
        kind: Debugger,
        offset: 44,
        len: 8,
    },
    Token {
        kind: WhiteSpace,
        offset: 52,
        len: 1,
    },
    Token {
        kind: DefaulT,
        offset: 53,
        len: 7,
    },
    Token {
        kind: WhiteSpace,
        offset: 60,
        len: 1,
    },
    Token {
        kind: Delete,
        offset: 61,
        len: 6,
    },
    Token {
        kind: WhiteSpace,
        offset: 67,
        len: 1,
    },
    Token {
        kind: Do,
        offset: 68,
        len: 2,
    },
    Token {
        kind: WhiteSpace,
        offset: 70,
        len: 1,
    },
    Token {
        kind: Else,
        offset: 71,
        len: 4,
    },
    Token {
        kind: WhiteSpace,
        offset: 75,
        len: 1,
    },
    Token {
        kind: Enum,
        offset: 76,
        len: 4,
    },
    Token {
        kind: WhiteSpace,
        offset: 80,
        len: 1,
    },
    Token {
        kind: Export,
        offset: 81,
        len: 6,
    },
    Token {
        kind: WhiteSpace,
        offset: 87,
        len: 1,
    },
    Token {
        kind: Extends,
        offset: 88,
        len: 7,
    },
    Token {
        kind: WhiteSpace,
        offset: 95,
        len: 1,
    },
    Token {
        kind: False,
        offset: 96,
        len: 5,
    },
    Token {
        kind: WhiteSpace,
        offset: 101,
        len: 1,
    },
    Token {
        kind: FinallY,
        offset: 102,
        len: 7,
    },
    Token {
        kind: WhiteSpace,
        offset: 109,
        len: 1,
    },
    Token {
        kind: For,
        offset: 110,
        len: 3,
    },
    Token {
        kind: WhiteSpace,
        offset: 113,
        len: 1,
    },
    Token {
        kind: Function,
        offset: 114,
        len: 8,
    },
    Token {
        kind: WhiteSpace,
        offset: 122,
        len: 1,
    },
    Token {
        kind: If,
        offset: 123,
        len: 2,
    },
    Token {
        kind: WhiteSpace,
        offset: 125,
        len: 1,
    },
    Token {
        kind: Import,
        offset: 126,
        len: 6,
    },
    Token {
        kind: WhiteSpace,
        offset: 132,
        len: 1,
    },
    Token {
        kind: In,
        offset: 133,
        len: 2,
    },
    Token {
        kind: WhiteSpace,
        offset: 135,
        len: 1,
    },
    Token {
        kind: Instanceof,
        offset: 136,
        len: 10,
    },
    Token {
        kind: WhiteSpace,
        offset: 146,
        len: 1,
    },
    Token {
        kind: New,
        offset: 147,
        len: 3,
    },
    Token {
        kind: WhiteSpace,
        offset: 150,
        len: 1,
    },
    Token {
        kind: Null,
        offset: 151,
        len: 4,
    },
    Token {
        kind: WhiteSpace,
        offset: 155,
        len: 1,
    },
    Token {
        kind: Return,
        offset: 156,
        len: 6,
    },
    Token {
        kind: WhiteSpace,
        offset: 162,
        len: 1,
    },
    Token {
        kind: Super,
        offset: 163,
        len: 5,
    },
    Token {
        kind: WhiteSpace,
        offset: 168,
        len: 1,
    },
    Token {
        kind: Switch,
        offset: 169,
        len: 6,
    },
    Token {
        kind: WhiteSpace,
        offset: 175,
        len: 1,
    },
    Token {
        kind: This,
        offset: 176,
        len: 4,
    },
    Token {
        kind: WhiteSpace,
        offset: 180,
        len: 1,
    },
    Token {
        kind: Throw,
        offset: 181,
        len: 5,
    },
    Token {
        kind: WhiteSpace,
        offset: 186,
        len: 1,
    },
    Token {
        kind: True,
        offset: 187,
        len: 4,
    },
    Token {
        kind: WhiteSpace,
        offset: 191,
        len: 1,
    },
    Token {
        kind: Try,
        offset: 192,
        len: 3,
    },
    Token {
        kind: WhiteSpace,
        offset: 195,
        len: 1,
    },
    Token {
        kind: Typeof,
        offset: 196,
        len: 6,
    },
    Token {
        kind: WhiteSpace,
        offset: 202,
        len: 1,
    },
    Token {
        kind: Var,
        offset: 203,
        len: 3,
    },
    Token {
        kind: WhiteSpace,
        offset: 206,
        len: 1,
    },
    Token {
        kind: Void,
        offset: 207,
        len: 4,
    },
    Token {
        kind: WhiteSpace,
        offset: 211,
        len: 1,
    },
    Token {
        kind: While,
        offset: 212,
        len: 5,
    },
    Token {
        kind: WhiteSpace,
        offset: 217,
        len: 1,
    },
    Token {
        kind: With,
        offset: 218,
        len: 4,
    },
    Token {
        kind: WhiteSpace,
        offset: 222,
        len: 1,
    },
    Token {
        kind: Yield,
        offset: 223,
        len: 5,
    },
    Token {
        kind: WhiteSpace,
        offset: 228,
        len: 1,
    },
    Token {
        kind: Ident,
        offset: 229,
        len: 9,
    },
    Token {
        kind: EOF,
        offset: 238,
        len: 1,
    },
]
