---
source: crates/lexer/tests/lib.rs
assertion_line: 16
expression: numeric_literal

---
# Input
0 0n
0b1 0B12
0o1 0O12
0x1 0X12
0123 0789
0. 0.0 0.123
1n
123n
1.0 1.1 1.1.foo

---
# Output
[
    Token {
        kind: Number(
            Decimal,
        ),
        offset: 0,
        len: 1,
    },
    Token {
        kind: Number(
            BigInt,
        ),
        offset: 2,
        len: 2,
    },
    Token {
        kind: Number(
            Binary,
        ),
        offset: 5,
        len: 3,
    },
    Token {
        kind: Number(
            Binary,
        ),
        offset: 9,
        len: 3,
    },
    Token {
        kind: Number(
            Decimal,
        ),
        offset: 12,
        len: 1,
    },
    Token {
        kind: Number(
            Octal,
        ),
        offset: 14,
        len: 3,
    },
    Token {
        kind: Number(
            Octal,
        ),
        offset: 18,
        len: 4,
    },
    Token {
        kind: Number(
            Hex,
        ),
        offset: 23,
        len: 3,
    },
    Token {
        kind: Number(
            Hex,
        ),
        offset: 27,
        len: 4,
    },
    Token {
        kind: Number(
            Octal,
        ),
        offset: 32,
        len: 4,
    },
    Token {
        kind: Number(
            Decimal,
        ),
        offset: 37,
        len: 4,
    },
    Token {
        kind: Number(
            Float,
        ),
        offset: 42,
        len: 2,
    },
    Token {
        kind: Number(
            Float,
        ),
        offset: 45,
        len: 3,
    },
    Token {
        kind: Number(
            Float,
        ),
        offset: 49,
        len: 5,
    },
    Token {
        kind: Number(
            BigInt,
        ),
        offset: 55,
        len: 2,
    },
    Token {
        kind: Number(
            BigInt,
        ),
        offset: 58,
        len: 4,
    },
    Token {
        kind: Number(
            Float,
        ),
        offset: 63,
        len: 3,
    },
    Token {
        kind: Number(
            Float,
        ),
        offset: 67,
        len: 3,
    },
    Token {
        kind: Number(
            Float,
        ),
        offset: 71,
        len: 3,
    },
    Token {
        kind: Dot,
        offset: 74,
        len: 1,
    },
    Token {
        kind: Ident,
        offset: 75,
        len: 3,
    },
    Token {
        kind: EOF,
        offset: 78,
        len: 1,
    },
]
