---
source: crates/lexer/tests/lib.rs
assertion_line: 13
expression: numeric_literal

---
# Input
0 123
0b1 0B12
0o1 0O12
0x1 0X12
0123 0789
0n 123n

---
# Output
[
    Token {
        kind: Unknown,
        offset: 1,
        len: 1,
    },
    Token {
        kind: WhiteSpace,
        offset: 2,
        len: 1,
    },
    Token {
        kind: Number(
            Decimal,
        ),
        offset: 5,
        len: 3,
    },
    Token {
        kind: WhiteSpace,
        offset: 6,
        len: 1,
    },
    Token {
        kind: Number(
            Binary,
        ),
        offset: 9,
        len: 3,
    },
    Token {
        kind: WhiteSpace,
        offset: 10,
        len: 1,
    },
    Token {
        kind: Number(
            Binary,
        ),
        offset: 13,
        len: 3,
    },
    Token {
        kind: Number(
            Decimal,
        ),
        offset: 14,
        len: 1,
    },
    Token {
        kind: WhiteSpace,
        offset: 15,
        len: 1,
    },
    Token {
        kind: Number(
            Octal,
        ),
        offset: 18,
        len: 3,
    },
    Token {
        kind: WhiteSpace,
        offset: 19,
        len: 1,
    },
    Token {
        kind: Number(
            Octal,
        ),
        offset: 23,
        len: 4,
    },
    Token {
        kind: WhiteSpace,
        offset: 24,
        len: 1,
    },
    Token {
        kind: Number(
            Hex,
        ),
        offset: 27,
        len: 3,
    },
    Token {
        kind: WhiteSpace,
        offset: 28,
        len: 1,
    },
    Token {
        kind: Number(
            Hex,
        ),
        offset: 32,
        len: 4,
    },
    Token {
        kind: WhiteSpace,
        offset: 33,
        len: 1,
    },
    Token {
        kind: Number(
            Octal,
        ),
        offset: 37,
        len: 4,
    },
    Token {
        kind: WhiteSpace,
        offset: 38,
        len: 1,
    },
    Token {
        kind: Number(
            Decimal,
        ),
        offset: 42,
        len: 4,
    },
    Token {
        kind: WhiteSpace,
        offset: 43,
        len: 1,
    },
    Token {
        kind: Number(
            BigInt,
        ),
        offset: 45,
        len: 2,
    },
    Token {
        kind: WhiteSpace,
        offset: 46,
        len: 1,
    },
    Token {
        kind: Number(
            BigInt,
        ),
        offset: 50,
        len: 4,
    },
    Token {
        kind: EOF,
        offset: 50,
        len: 1,
    },
]
