---
source: crates/lexer/tests/lib.rs
assertion_line: 13
expression: regex

---
# Input
/aa/
/[0-9A-Za-z_\$(|)\[\]\/\\^]/

---
# Output
[
    Token {
        kind: Regex,
        offset: 0,
        len: 4,
    },
    Token {
        kind: WhiteSpace,
        offset: 4,
        len: 1,
    },
    Token {
        kind: Regex,
        offset: 5,
        len: 28,
    },
    Token {
        kind: EOF,
        offset: 33,
        len: 1,
    },
]
